Analysis & Synthesis report for uart
Fri May 01 19:31:50 2026
Quartus Prime Version 20.1.1 Build 720 11/11/2020 SJ Lite Edition


---------------------
; Table of Contents ;
---------------------
  1. Legal Notice
  2. Analysis & Synthesis Summary
  3. Analysis & Synthesis Settings
  4. Parallel Compilation
  5. Analysis & Synthesis Source Files Read
  6. Analysis & Synthesis Resource Usage Summary
  7. Analysis & Synthesis Resource Utilization by Entity
  8. State Machine - |uart_top|uart_tx:TX_INST|r_SM_Main
  9. State Machine - |uart_top|uart_rx:RX_INST|r_SM_Main
 10. Registers Removed During Synthesis
 11. General Register Statistics
 12. Multiplexer Restructuring Statistics (Restructuring Performed)
 13. Parameter Settings for User Entity Instance: uart_rx:RX_INST
 14. Parameter Settings for User Entity Instance: uart_tx:TX_INST
 15. Port Connectivity Checks: "uart_tx:TX_INST"
 16. Post-Synthesis Netlist Statistics for Top Partition
 17. Elapsed Time Per Partition
 18. Analysis & Synthesis Messages
 19. Analysis & Synthesis Suppressed Messages



----------------
; Legal Notice ;
----------------
Copyright (C) 2020  Intel Corporation. All rights reserved.
Your use of Intel Corporation's design tools, logic functions 
and other software and tools, and any partner logic 
functions, and any output files from any of the foregoing 
(including device programming or simulation files), and any 
associated documentation or information are expressly subject 
to the terms and conditions of the Intel Program License 
Subscription Agreement, the Intel Quartus Prime License Agreement,
the Intel FPGA IP License Agreement, or other applicable license
agreement, including, without limitation, that your use is for
the sole purpose of programming logic devices manufactured by
Intel and sold by Intel or its authorized distributors.  Please
refer to the applicable agreement for further details, at
https://fpgasoftware.intel.com/eula.



+----------------------------------------------------------------------------------+
; Analysis & Synthesis Summary                                                     ;
+------------------------------------+---------------------------------------------+
; Analysis & Synthesis Status        ; Successful - Fri May 01 19:31:50 2026       ;
; Quartus Prime Version              ; 20.1.1 Build 720 11/11/2020 SJ Lite Edition ;
; Revision Name                      ; uart                                        ;
; Top-level Entity Name              ; uart_top                                    ;
; Family                             ; Cyclone IV E                                ;
; Total logic elements               ; 144                                         ;
;     Total combinational functions  ; 136                                         ;
;     Dedicated logic registers      ; 70                                          ;
; Total registers                    ; 70                                          ;
; Total pins                         ; 12                                          ;
; Total virtual pins                 ; 0                                           ;
; Total memory bits                  ; 0                                           ;
; Embedded Multiplier 9-bit elements ; 0                                           ;
; Total PLLs                         ; 0                                           ;
+------------------------------------+---------------------------------------------+


+------------------------------------------------------------------------------------------------------------+
; Analysis & Synthesis Settings                                                                              ;
+------------------------------------------------------------------+--------------------+--------------------+
; Option                                                           ; Setting            ; Default Value      ;
+------------------------------------------------------------------+--------------------+--------------------+
; Device                                                           ; EP4CE22F17C6       ;                    ;
; Top-level entity name                                            ; uart_top           ; uart               ;
; Family name                                                      ; Cyclone IV E       ; Cyclone V          ;
; Use smart compilation                                            ; Off                ; Off                ;
; Enable parallel Assembler and Timing Analyzer during compilation ; On                 ; On                 ;
; Enable compact report table                                      ; Off                ; Off                ;
; Restructure Multiplexers                                         ; Auto               ; Auto               ;
; Create Debugging Nodes for IP Cores                              ; Off                ; Off                ;
; Preserve fewer node names                                        ; On                 ; On                 ;
; Intel FPGA IP Evaluation Mode                                    ; Enable             ; Enable             ;
; Verilog Version                                                  ; Verilog_2001       ; Verilog_2001       ;
; VHDL Version                                                     ; VHDL_1993          ; VHDL_1993          ;
; State Machine Processing                                         ; Auto               ; Auto               ;
; Safe State Machine                                               ; Off                ; Off                ;
; Extract Verilog State Machines                                   ; On                 ; On                 ;
; Extract VHDL State Machines                                      ; On                 ; On                 ;
; Ignore Verilog initial constructs                                ; Off                ; Off                ;
; Iteration limit for constant Verilog loops                       ; 5000               ; 5000               ;
; Iteration limit for non-constant Verilog loops                   ; 250                ; 250                ;
; Add Pass-Through Logic to Inferred RAMs                          ; On                 ; On                 ;
; Infer RAMs from Raw Logic                                        ; On                 ; On                 ;
; Parallel Synthesis                                               ; On                 ; On                 ;
; DSP Block Balancing                                              ; Auto               ; Auto               ;
; NOT Gate Push-Back                                               ; On                 ; On                 ;
; Power-Up Don't Care                                              ; On                 ; On                 ;
; Remove Redundant Logic Cells                                     ; Off                ; Off                ;
; Remove Duplicate Registers                                       ; On                 ; On                 ;
; Ignore CARRY Buffers                                             ; Off                ; Off                ;
; Ignore CASCADE Buffers                                           ; Off                ; Off                ;
; Ignore GLOBAL Buffers                                            ; Off                ; Off                ;
; Ignore ROW GLOBAL Buffers                                        ; Off                ; Off                ;
; Ignore LCELL Buffers                                             ; Off                ; Off                ;
; Ignore SOFT Buffers                                              ; On                 ; On                 ;
; Limit AHDL Integers to 32 Bits                                   ; Off                ; Off                ;
; Optimization Technique                                           ; Balanced           ; Balanced           ;
; Carry Chain Length                                               ; 70                 ; 70                 ;
; Auto Carry Chains                                                ; On                 ; On                 ;
; Auto Open-Drain Pins                                             ; On                 ; On                 ;
; Perform WYSIWYG Primitive Resynthesis                            ; Off                ; Off                ;
; Auto ROM Replacement                                             ; On                 ; On                 ;
; Auto RAM Replacement                                             ; On                 ; On                 ;
; Auto DSP Block Replacement                                       ; On                 ; On                 ;
; Auto Shift Register Replacement                                  ; Auto               ; Auto               ;
; Allow Shift Register Merging across Hierarchies                  ; Auto               ; Auto               ;
; Auto Clock Enable Replacement                                    ; On                 ; On                 ;
; Strict RAM Replacement                                           ; Off                ; Off                ;
; Allow Synchronous Control Signals                                ; On                 ; On                 ;
; Force Use of Synchronous Clear Signals                           ; Off                ; Off                ;
; Auto RAM Block Balancing                                         ; On                 ; On                 ;
; Auto RAM to Logic Cell Conversion                                ; Off                ; Off                ;
; Auto Resource Sharing                                            ; Off                ; Off                ;
; Allow Any RAM Size For Recognition                               ; Off                ; Off                ;
; Allow Any ROM Size For Recognition                               ; Off                ; Off                ;
; Allow Any Shift Register Size For Recognition                    ; Off                ; Off                ;
; Use LogicLock Constraints during Resource Balancing              ; On                 ; On                 ;
; Ignore translate_off and synthesis_off directives                ; Off                ; Off                ;
; Timing-Driven Synthesis                                          ; On                 ; On                 ;
; Report Parameter Settings                                        ; On                 ; On                 ;
; Report Source Assignments                                        ; On                 ; On                 ;
; Report Connectivity Checks                                       ; On                 ; On                 ;
; Ignore Maximum Fan-Out Assignments                               ; Off                ; Off                ;
; Synchronization Register Chain Length                            ; 2                  ; 2                  ;
; Power Optimization During Synthesis                              ; Normal compilation ; Normal compilation ;
; HDL message level                                                ; Level2             ; Level2             ;
; Suppress Register Optimization Related Messages                  ; Off                ; Off                ;
; Number of Removed Registers Reported in Synthesis Report         ; 5000               ; 5000               ;
; Number of Swept Nodes Reported in Synthesis Report               ; 5000               ; 5000               ;
; Number of Inverted Registers Reported in Synthesis Report        ; 100                ; 100                ;
; Clock MUX Protection                                             ; On                 ; On                 ;
; Auto Gated Clock Conversion                                      ; Off                ; Off                ;
; Block Design Naming                                              ; Auto               ; Auto               ;
; SDC constraint protection                                        ; Off                ; Off                ;
; Synthesis Effort                                                 ; Auto               ; Auto               ;
; Shift Register Replacement - Allow Asynchronous Clear Signal     ; On                 ; On                 ;
; Pre-Mapping Resynthesis Optimization                             ; Off                ; Off                ;
; Analysis & Synthesis Message Level                               ; Medium             ; Medium             ;
; Disable Register Merging Across Hierarchies                      ; Auto               ; Auto               ;
; Resource Aware Inference For Block RAM                           ; On                 ; On                 ;
+------------------------------------------------------------------+--------------------+--------------------+


+------------------------------------------+
; Parallel Compilation                     ;
+----------------------------+-------------+
; Processors                 ; Number      ;
+----------------------------+-------------+
; Number detected on machine ; 8           ;
; Maximum allowed            ; 4           ;
;                            ;             ;
; Average used               ; 1.00        ;
; Maximum used               ; 4           ;
;                            ;             ;
; Usage by Processor         ; % Time Used ;
;     Processor 1            ; 100.0%      ;
;     Processors 2-4         ;   0.0%      ;
+----------------------------+-------------+


+-------------------------------------------------------------------------------------------------------------------------------+
; Analysis & Synthesis Source Files Read                                                                                        ;
+----------------------------------+-----------------+------------------------+---------------------------------------+---------+
; File Name with User-Entered Path ; Used in Netlist ; File Type              ; File Name with Absolute Path          ; Library ;
+----------------------------------+-----------------+------------------------+---------------------------------------+---------+
; uart_tx.v                        ; yes             ; User Verilog HDL File  ; C:/Users/USER/Desktop/FPGA/uart_tx.v  ;         ;
; uart_rx.v                        ; yes             ; User Verilog HDL File  ; C:/Users/USER/Desktop/FPGA/uart_rx.v  ;         ;
; uart_top.v                       ; yes             ; User Verilog HDL File  ; C:/Users/USER/Desktop/FPGA/uart_top.v ;         ;
+----------------------------------+-----------------+------------------------+---------------------------------------+---------+


+--------------------------------------------------------------+
; Analysis & Synthesis Resource Usage Summary                  ;
+---------------------------------------------+----------------+
; Resource                                    ; Usage          ;
+---------------------------------------------+----------------+
; Estimated Total logic elements              ; 144            ;
;                                             ;                ;
; Total combinational functions               ; 136            ;
; Logic element usage by number of LUT inputs ;                ;
;     -- 4 input functions                    ; 77             ;
;     -- 3 input functions                    ; 16             ;
;     -- <=2 input functions                  ; 43             ;
;                                             ;                ;
; Logic elements by mode                      ;                ;
;     -- normal mode                          ; 106            ;
;     -- arithmetic mode                      ; 30             ;
;                                             ;                ;
; Total registers                             ; 70             ;
;     -- Dedicated logic registers            ; 70             ;
;     -- I/O registers                        ; 0              ;
;                                             ;                ;
; I/O pins                                    ; 12             ;
;                                             ;                ;
; Embedded Multiplier 9-bit elements          ; 0              ;
;                                             ;                ;
; Maximum fan-out node                        ; CLOCK_50~input ;
; Maximum fan-out                             ; 70             ;
; Total fan-out                               ; 675            ;
; Average fan-out                             ; 2.93           ;
+---------------------------------------------+----------------+


+----------------------------------------------------------------------------------------------------------------------------------------------------------------------------------------------------------------+
; Analysis & Synthesis Resource Utilization by Entity                                                                                                                                                            ;
+----------------------------+---------------------+---------------------------+-------------+--------------+---------+-----------+------+--------------+---------------------------+-------------+--------------+
; Compilation Hierarchy Node ; Combinational ALUTs ; Dedicated Logic Registers ; Memory Bits ; DSP Elements ; DSP 9x9 ; DSP 18x18 ; Pins ; Virtual Pins ; Full Hierarchy Name       ; Entity Name ; Library Name ;
+----------------------------+---------------------+---------------------------+-------------+--------------+---------+-----------+------+--------------+---------------------------+-------------+--------------+
; |uart_top                  ; 136 (0)             ; 70 (0)                    ; 0           ; 0            ; 0       ; 0         ; 12   ; 0            ; |uart_top                 ; uart_top    ; work         ;
;    |uart_rx:RX_INST|       ; 83 (83)             ; 35 (35)                   ; 0           ; 0            ; 0       ; 0         ; 0    ; 0            ; |uart_top|uart_rx:RX_INST ; uart_rx     ; work         ;
;    |uart_tx:TX_INST|       ; 53 (53)             ; 35 (35)                   ; 0           ; 0            ; 0       ; 0         ; 0    ; 0            ; |uart_top|uart_tx:TX_INST ; uart_tx     ; work         ;
+----------------------------+---------------------+---------------------------+-------------+--------------+---------+-----------+------+--------------+---------------------------+-------------+--------------+
Note: For table entries with two numbers listed, the numbers in parentheses indicate the number of resources of the given type used by the specific entity alone. The numbers listed outside of parentheses indicate the total resources of the given type used by the specific entity and all of its sub-entities in the hierarchy.


Encoding Type:  One-Hot
+-----------------------------------------------------------------------------------------------------------------------------------------------------------------------------+
; State Machine - |uart_top|uart_tx:TX_INST|r_SM_Main                                                                                                                         ;
+---------------------------+---------------------+-------------------------+---------------------------+--------------------------+--------------------------+---------------+
; Name                      ; r_SM_Main.s_CLEANUP ; r_SM_Main.s_TX_STOP_BIT ; r_SM_Main.s_TX_PARITY_BIT ; r_SM_Main.s_TX_DATA_BITS ; r_SM_Main.s_TX_START_BIT ; r_SM_Main.000 ;
+---------------------------+---------------------+-------------------------+---------------------------+--------------------------+--------------------------+---------------+
; r_SM_Main.000             ; 0                   ; 0                       ; 0                         ; 0                        ; 0                        ; 0             ;
; r_SM_Main.s_TX_START_BIT  ; 0                   ; 0                       ; 0                         ; 0                        ; 1                        ; 1             ;
; r_SM_Main.s_TX_DATA_BITS  ; 0                   ; 0                       ; 0                         ; 1                        ; 0                        ; 1             ;
; r_SM_Main.s_TX_PARITY_BIT ; 0                   ; 0                       ; 1                         ; 0                        ; 0                        ; 1             ;
; r_SM_Main.s_TX_STOP_BIT   ; 0                   ; 1                       ; 0                         ; 0                        ; 0                        ; 1             ;
; r_SM_Main.s_CLEANUP       ; 1                   ; 0                       ; 0                         ; 0                        ; 0                        ; 1             ;
+---------------------------+---------------------+-------------------------+---------------------------+--------------------------+--------------------------+---------------+


Encoding Type:  One-Hot
+-----------------------------------------------------------------------------------------------------------------------------------------------------------------------------+
; State Machine - |uart_top|uart_rx:RX_INST|r_SM_Main                                                                                                                         ;
+---------------------------+---------------------+-------------------------+---------------------------+--------------------------+--------------------------+---------------+
; Name                      ; r_SM_Main.s_CLEANUP ; r_SM_Main.s_RX_STOP_BIT ; r_SM_Main.s_RX_PARITY_BIT ; r_SM_Main.s_RX_DATA_BITS ; r_SM_Main.s_RX_START_BIT ; r_SM_Main.000 ;
+---------------------------+---------------------+-------------------------+---------------------------+--------------------------+--------------------------+---------------+
; r_SM_Main.000             ; 0                   ; 0                       ; 0                         ; 0                        ; 0                        ; 0             ;
; r_SM_Main.s_RX_START_BIT  ; 0                   ; 0                       ; 0                         ; 0                        ; 1                        ; 1             ;
; r_SM_Main.s_RX_DATA_BITS  ; 0                   ; 0                       ; 0                         ; 1                        ; 0                        ; 1             ;
; r_SM_Main.s_RX_PARITY_BIT ; 0                   ; 0                       ; 1                         ; 0                        ; 0                        ; 1             ;
; r_SM_Main.s_RX_STOP_BIT   ; 0                   ; 1                       ; 0                         ; 0                        ; 0                        ; 1             ;
; r_SM_Main.s_CLEANUP       ; 1                   ; 0                       ; 0                         ; 0                        ; 0                        ; 1             ;
+---------------------------+---------------------+-------------------------+---------------------------+--------------------------+--------------------------+---------------+


+------------------------------------------------------------+
; Registers Removed During Synthesis                         ;
+---------------------------------------+--------------------+
; Register name                         ; Reason for Removal ;
+---------------------------------------+--------------------+
; uart_tx:TX_INST|r_SM_Main~8           ; Lost fanout        ;
; uart_tx:TX_INST|r_SM_Main~9           ; Lost fanout        ;
; uart_tx:TX_INST|r_SM_Main~10          ; Lost fanout        ;
; uart_rx:RX_INST|r_SM_Main~8           ; Lost fanout        ;
; uart_rx:RX_INST|r_SM_Main~9           ; Lost fanout        ;
; uart_rx:RX_INST|r_SM_Main~10          ; Lost fanout        ;
; Total Number of Removed Registers = 6 ;                    ;
+---------------------------------------+--------------------+


+------------------------------------------------------+
; General Register Statistics                          ;
+----------------------------------------------+-------+
; Statistic                                    ; Value ;
+----------------------------------------------+-------+
; Total registers                              ; 70    ;
; Number of registers using Synchronous Clear  ; 32    ;
; Number of registers using Synchronous Load   ; 0     ;
; Number of registers using Asynchronous Clear ; 0     ;
; Number of registers using Asynchronous Load  ; 0     ;
; Number of registers using Clock Enable       ; 41    ;
; Number of registers using Preset             ; 0     ;
+----------------------------------------------+-------+


+-----------------------------------------------------------------------------------------------------------------------------------------------------------+
; Multiplexer Restructuring Statistics (Restructuring Performed)                                                                                            ;
+--------------------+-----------+---------------+----------------------+------------------------+------------+---------------------------------------------+
; Multiplexer Inputs ; Bus Width ; Baseline Area ; Area if Restructured ; Saving if Restructured ; Registered ; Example Multiplexer Output                  ;
+--------------------+-----------+---------------+----------------------+------------------------+------------+---------------------------------------------+
; 4:1                ; 16 bits   ; 32 LEs        ; 16 LEs               ; 16 LEs                 ; Yes        ; |uart_top|uart_tx:TX_INST|r_Clock_Count[13] ;
; 7:1                ; 16 bits   ; 64 LEs        ; 16 LEs               ; 48 LEs                 ; Yes        ; |uart_top|uart_rx:RX_INST|r_Clock_Count[10] ;
; 3:1                ; 3 bits    ; 6 LEs         ; 6 LEs                ; 0 LEs                  ; No         ; |uart_top|uart_tx:TX_INST|r_Bit_Index       ;
; 3:1                ; 3 bits    ; 6 LEs         ; 6 LEs                ; 0 LEs                  ; No         ; |uart_top|uart_rx:RX_INST|r_Bit_Index       ;
; 7:1                ; 3 bits    ; 12 LEs        ; 9 LEs                ; 3 LEs                  ; No         ; |uart_top|uart_tx:TX_INST|Selector23        ;
; 9:1                ; 2 bits    ; 12 LEs        ; 8 LEs                ; 4 LEs                  ; No         ; |uart_top|uart_rx:RX_INST|Selector24        ;
; 9:1                ; 2 bits    ; 12 LEs        ; 4 LEs                ; 8 LEs                  ; No         ; |uart_top|uart_rx:RX_INST|Selector23        ;
; 11:1               ; 2 bits    ; 14 LEs        ; 6 LEs                ; 8 LEs                  ; No         ; |uart_top|uart_rx:RX_INST|Selector25        ;
+--------------------+-----------+---------------+----------------------+------------------------+------------+---------------------------------------------+


+--------------------------------------------------------------+
; Parameter Settings for User Entity Instance: uart_rx:RX_INST ;
+----------------+-------+-------------------------------------+
; Parameter Name ; Value ; Type                                ;
+----------------+-------+-------------------------------------+
; CLKS_PER_BIT   ; 5208  ; Signed Integer                      ;
; PARITY_TYPE    ; 0     ; Signed Integer                      ;
+----------------+-------+-------------------------------------+
Note: In order to hide this table in the UI and the text report file, please set the "Show Parameter Settings in Synthesis Report" option in "Analysis and Synthesis Settings -> More Settings" to "Off".


+--------------------------------------------------------------+
; Parameter Settings for User Entity Instance: uart_tx:TX_INST ;
+----------------+-------+-------------------------------------+
; Parameter Name ; Value ; Type                                ;
+----------------+-------+-------------------------------------+
; CLKS_PER_BIT   ; 5208  ; Signed Integer                      ;
; PARITY_TYPE    ; 0     ; Signed Integer                      ;
+----------------+-------+-------------------------------------+
Note: In order to hide this table in the UI and the text report file, please set the "Show Parameter Settings in Synthesis Report" option in "Analysis and Synthesis Settings -> More Settings" to "Off".


+----------------------------------------------------------+
; Port Connectivity Checks: "uart_tx:TX_INST"              ;
+-------------+--------+----------+------------------------+
; Port        ; Type   ; Severity ; Details                ;
+-------------+--------+----------+------------------------+
; o_Tx_Active ; Output ; Info     ; Explicitly unconnected ;
; o_Tx_Done   ; Output ; Info     ; Explicitly unconnected ;
+-------------+--------+----------+------------------------+


+-----------------------------------------------------+
; Post-Synthesis Netlist Statistics for Top Partition ;
+-----------------------+-----------------------------+
; Type                  ; Count                       ;
+-----------------------+-----------------------------+
; boundary_port         ; 12                          ;
; cycloneiii_ff         ; 70                          ;
;     ENA               ; 9                           ;
;     ENA SCLR          ; 32                          ;
;     plain             ; 29                          ;
; cycloneiii_lcell_comb ; 136                         ;
;     arith             ; 30                          ;
;         2 data inputs ; 30                          ;
;     normal            ; 106                         ;
;         1 data inputs ; 2                           ;
;         2 data inputs ; 11                          ;
;         3 data inputs ; 16                          ;
;         4 data inputs ; 77                          ;
;                       ;                             ;
; Max LUT depth         ; 6.00                        ;
; Average LUT depth     ; 3.91                        ;
+-----------------------+-----------------------------+


+-------------------------------+
; Elapsed Time Per Partition    ;
+----------------+--------------+
; Partition Name ; Elapsed Time ;
+----------------+--------------+
; Top            ; 00:00:00     ;
+----------------+--------------+


+-------------------------------+
; Analysis & Synthesis Messages ;
+-------------------------------+
Info: *******************************************************************
Info: Running Quartus Prime Analysis & Synthesis
    Info: Version 20.1.1 Build 720 11/11/2020 SJ Lite Edition
    Info: Processing started: Fri May 01 19:31:42 2026
Info: Command: quartus_map --read_settings_files=on --write_settings_files=off uart -c uart
Warning (18236): Number of processors has not been specified which may cause overloading on shared machines.  Set the global assignment NUM_PARALLEL_PROCESSORS in your QSF to an appropriate value for best performance.
Info (20030): Parallel compilation is enabled and will use 4 of the 4 processors detected
Info (12021): Found 1 design units, including 1 entities, in source file uart_tx.v
    Info (12023): Found entity 1: uart_tx File: C:/Users/USER/Desktop/FPGA/uart_tx.v Line: 1
Info (12021): Found 1 design units, including 1 entities, in source file uart_rx.v
    Info (12023): Found entity 1: uart_rx File: C:/Users/USER/Desktop/FPGA/uart_rx.v Line: 1
Info (12021): Found 1 design units, including 1 entities, in source file uart_top.v
    Info (12023): Found entity 1: uart_top File: C:/Users/USER/Desktop/FPGA/uart_top.v Line: 1
Info (12021): Found 1 design units, including 1 entities, in source file tb_uart.v
    Info (12023): Found entity 1: tb_uart File: C:/Users/USER/Desktop/FPGA/tb_uart.v Line: 3
Info (12021): Found 1 design units, including 1 entities, in source file button_pulse.v
    Info (12023): Found entity 1: button_pulse File: C:/Users/USER/Desktop/FPGA/button_pulse.v Line: 1
Info (12021): Found 1 design units, including 1 entities, in source file hex_to_7_seg.v
    Info (12023): Found entity 1: hex_to_7_seg File: C:/Users/USER/Desktop/FPGA/hex_to_7_seg.v Line: 1
Info (12021): Found 1 design units, including 1 entities, in source file uart_top_fpga.v
    Info (12023): Found entity 1: uart_top_fpga File: C:/Users/USER/Desktop/FPGA/uart_top_fpga.v Line: 1
Info (12127): Elaborating entity "uart_top" for the top level hierarchy
Info (12128): Elaborating entity "uart_rx" for hierarchy "uart_rx:RX_INST" File: C:/Users/USER/Desktop/FPGA/uart_top.v Line: 29
Warning (10230): Verilog HDL assignment warning at uart_rx.v(48): truncated value with size 32 to match size of target (16) File: C:/Users/USER/Desktop/FPGA/uart_rx.v Line: 48
Warning (10230): Verilog HDL assignment warning at uart_rx.v(54): truncated value with size 32 to match size of target (16) File: C:/Users/USER/Desktop/FPGA/uart_rx.v Line: 54
Warning (10230): Verilog HDL assignment warning at uart_rx.v(60): truncated value with size 32 to match size of target (3) File: C:/Users/USER/Desktop/FPGA/uart_rx.v Line: 60
Warning (10230): Verilog HDL assignment warning at uart_rx.v(70): truncated value with size 32 to match size of target (16) File: C:/Users/USER/Desktop/FPGA/uart_rx.v Line: 70
Warning (10230): Verilog HDL assignment warning at uart_rx.v(94): truncated value with size 32 to match size of target (16) File: C:/Users/USER/Desktop/FPGA/uart_rx.v Line: 94
Info (12128): Elaborating entity "uart_tx" for hierarchy "uart_tx:TX_INST" File: C:/Users/USER/Desktop/FPGA/uart_top.v Line: 42
Warning (10230): Verilog HDL assignment warning at uart_tx.v(55): truncated value with size 32 to match size of target (16) File: C:/Users/USER/Desktop/FPGA/uart_tx.v Line: 55
Warning (10230): Verilog HDL assignment warning at uart_tx.v(65): truncated value with size 32 to match size of target (16) File: C:/Users/USER/Desktop/FPGA/uart_tx.v Line: 65
Warning (10230): Verilog HDL assignment warning at uart_tx.v(69): truncated value with size 32 to match size of target (3) File: C:/Users/USER/Desktop/FPGA/uart_tx.v Line: 69
Warning (10230): Verilog HDL assignment warning at uart_tx.v(80): truncated value with size 32 to match size of target (16) File: C:/Users/USER/Desktop/FPGA/uart_tx.v Line: 80
Warning (10230): Verilog HDL assignment warning at uart_tx.v(90): truncated value with size 32 to match size of target (16) File: C:/Users/USER/Desktop/FPGA/uart_tx.v Line: 90
Info (286030): Timing-Driven Synthesis is running
Info (17049): 6 registers lost all their fanouts during netlist optimizations.
Info (144001): Generated suppressed messages file C:/Users/USER/Desktop/FPGA/output_files/uart.map.smsg
Info (16010): Generating hard_block partition "hard_block:auto_generated_inst"
    Info (16011): Adding 0 node(s), including 0 DDIO, 0 PLL, 0 transceiver and 0 LCELL
Info (21057): Implemented 156 device resources after synthesis - the final resource count might be different
    Info (21058): Implemented 2 input pins
    Info (21059): Implemented 10 output pins
    Info (21061): Implemented 144 logic cells
Info: Quartus Prime Analysis & Synthesis was successful. 0 errors, 11 warnings
    Info: Peak virtual memory: 4757 megabytes
    Info: Processing ended: Fri May 01 19:31:50 2026
    Info: Elapsed time: 00:00:08
    Info: Total CPU time (on all processors): 00:00:16


+------------------------------------------+
; Analysis & Synthesis Suppressed Messages ;
+------------------------------------------+
The suppressed messages can be found in C:/Users/USER/Desktop/FPGA/output_files/uart.map.smsg.


